// Jest Snapshot v1, https://goo.gl/fbAQLP

exports[`DashboardTabsPresenter renders correctly 1`] = `
<div
  className="dashboard-page"
>
  <TabsPresenter
    tabsData={
      Array [
        Object {
          "tabContent": "GovernanceDashboardPresenter",
          "tabName": "Governance",
        },
        Object {
          "tabContent": [Function],
          "tabName": "Domain",
        },
        Object {
          "tabContent": [Function],
          "tabName": "Product",
        },
      ]
    }
  />
</div>
`;
